
> myapp@0.1.0 build
> next build

   Γû▓ Next.js 15.4.10
   - Environments: .env.local

   Creating an optimized production build ...
 Γ£ô Compiled successfully in 9.0s
   Linting and checking validity of types ...
node.exe : 
At line:1 char:1
+ & "C:\Program Files\nodejs/node.exe" "C:\Users\Harshal\AppData\Roamin ...
+ ~~~~~~~~~~~~~~~~~~~~~~~~~~~~~~~~~~~~~~~~~~~~~~~~~~~~~~~~~~~~~~~~~~~~~
    + CategoryInfo          : NotSpecified: (:String) [], RemoteException
    + FullyQualifiedErrorId : NativeCommandError
 
Failed to compile.

./app/api/attendance/route.ts
5:8  Warning: 'Class' is defined but never used.  
@typescript-eslint/no-unused-vars

./app/api/classes/route.ts
6:8  Warning: 'Teacher' is defined but never used.  
@typescript-eslint/no-unused-vars
7:8  Warning: 'Student' is defined but never used.  
@typescript-eslint/no-unused-vars

./app/api/teachers/[id]/route.ts
4:10  Warning: 'TeacherCreateZ' is defined but never used.  
@typescript-eslint/no-unused-vars

./app/api/timetable/class/[classId]/route.ts
4:10  Warning: 'verifyToken' is defined but never used.  
@typescript-eslint/no-unused-vars

./app/fees/history/page.tsx
12:5  Error: Error: Cannot access variable before it is declared

`fetchPage` is accessed before it is declared, which prevents the earlier 
access from updating when this value changes over time.

C:\Users\Harshal\OneDrive\Documents\SyntureTech\xpertance-pre-primary-produc
t-main\xpertance-pre-primary-product-main\app\fees\history\page.tsx:12:5
  10 |   // Γ£à FIXED useEffect
  11 |   useEffect(() => {
> 12 |     fetchPage(1);
     |     ^^^^^^^^^ `fetchPage` accessed before it is declared
  13 |   }, []);
  14 |
  15 |   async function fetchPage(p: number) {

C:\Users\Harshal\OneDrive\Documents\SyntureTech\xpertance-pre-primary-produc
t-main\xpertance-pre-primary-product-main\app\fees\history\page.tsx:15:3
  13 |   }, []);
  14 |
> 15 |   async function fetchPage(p: number) {
     |   ^^^^^^^^^^^^^^^^^^^^^^^^^^^^^^^^^^^^^
> 16 |     const res = await fetch(`/api/fees/history?page=${p}&limit=12`);
     | ^^^^^^^^^^^^^^^^^^^^^^^^^^^^^^^^^^^^^^^^^^^^^^^^^^^^^^^^^^^^^^^^^^^^
> 17 |     const d = await res.json();
     | ^^^^^^^^^^^^^^^^^^^^^^^^^^^^^^^^^^^^^^^^^^^^^^^^^^^^^^^^^^^^^^^^^^^^
> 18 |
     | ^^^^^^^^^^^^^^^^^^^^^^^^^^^^^^^^^^^^^^^^^^^^^^^^^^^^^^^^^^^^^^^^^^^^
> 19 |     if (d.success) {
     | ^^^^^^^^^^^^^^^^^^^^^^^^^^^^^^^^^^^^^^^^^^^^^^^^^^^^^^^^^^^^^^^^^^^^
> 20 |       setItems(d.items);
     | ^^^^^^^^^^^^^^^^^^^^^^^^^^^^^^^^^^^^^^^^^^^^^^^^^^^^^^^^^^^^^^^^^^^^
> 21 |       setPage(d.pagination.page);
     | ^^^^^^^^^^^^^^^^^^^^^^^^^^^^^^^^^^^^^^^^^^^^^^^^^^^^^^^^^^^^^^^^^^^^
> 22 |       setPages(d.pagination.pages);
     | ^^^^^^^^^^^^^^^^^^^^^^^^^^^^^^^^^^^^^^^^^^^^^^^^^^^^^^^^^^^^^^^^^^^^
> 23 |     }
     | ^^^^^^^^^^^^^^^^^^^^^^^^^^^^^^^^^^^^^^^^^^^^^^^^^^^^^^^^^^^^^^^^^^^^
> 24 |   }
     | ^^^^ `fetchPage` is declared here
  25 |
  26 |   return (
  27 |     <div className="p-4">  react-hooks/immutability

./app/fees/new/page.tsx
19:35  Warning: 'item' is defined but never used.  
@typescript-eslint/no-unused-vars

./app/page.tsx
106:9  Warning: 'pricingPlans' is assigned a value but never used.  
@typescript-eslint/no-unused-vars
382:67  Error: `"` can be escaped with `&quot;`, `&ldquo;`, `&#34;`, 
`&rdquo;`.  react/no-unescaped-entities
382:89  Error: `"` can be escaped with `&quot;`, `&ldquo;`, `&#34;`, 
`&rdquo;`.  react/no-unescaped-entities
472:33  Error: `'` can be escaped with `&apos;`, `&lsquo;`, `&#39;`, 
`&rsquo;`.  react/no-unescaped-entities

./app/student-dashboard/page.tsx
3:8  Warning: 'Button' is defined but never used.  
@typescript-eslint/no-unused-vars
8:3  Warning: 'BookOpen' is defined but never used.  
@typescript-eslint/no-unused-vars
14:3  Warning: 'Star' is defined but never used.  
@typescript-eslint/no-unused-vars
15:3  Warning: 'TrendingUp' is defined but never used.  
@typescript-eslint/no-unused-vars
16:3  Warning: 'Bell' is defined but never used.  
@typescript-eslint/no-unused-vars
21:3  Warning: 'AlertCircle' is defined but never used.  
@typescript-eslint/no-unused-vars
216:50  Error: `'` can be escaped with `&apos;`, `&lsquo;`, `&#39;`, 
`&rsquo;`.  react/no-unescaped-entities

./app/students/_client/StudentDetailClient.tsx
4:8  Warning: 'useStudents' is defined but never used.  
@typescript-eslint/no-unused-vars

./app/students/_client/StudentsListClient.tsx
27:6  Warning: React Hook useEffect has a missing dependency: 'fetchPage'. 
Either include it or remove the dependency array.  
react-hooks/exhaustive-deps

./app/teacher-dashboard/page.tsx
3:8  Warning: 'Button' is defined but never used.  
@typescript-eslint/no-unused-vars
4:8  Warning: 'Badge' is defined but never used.  
@typescript-eslint/no-unused-vars
186:51  Error: `'` can be escaped with `&apos;`, `&lsquo;`, `&#39;`, 
`&rsquo;`.  react/no-unescaped-entities
186:58  Error: `'` can be escaped with `&apos;`, `&lsquo;`, `&#39;`, 
`&rsquo;`.  react/no-unescaped-entities
238:76  Error: `'` can be escaped with `&apos;`, `&lsquo;`, `&#39;`, 
`&rsquo;`.  react/no-unescaped-entities

./components/admin/AdminDashboard.tsx
3:8  Warning: 'Card' is defined but never used.  
@typescript-eslint/no-unused-vars

./components/admin/AdmissionManagement.tsx
3:8  Warning: 'Button' is defined but never used.  
@typescript-eslint/no-unused-vars
10:8  Warning: 'Alert' is defined but never used.  
@typescript-eslint/no-unused-vars
46:14  Warning: 'error' is defined but never used.  
@typescript-eslint/no-unused-vars
71:14  Warning: 'error' is defined but never used.  
@typescript-eslint/no-unused-vars
105:32  Warning: 'row' is defined but never used.  
@typescript-eslint/no-unused-vars
114:32  Warning: 'row' is defined but never used.  
@typescript-eslint/no-unused-vars

./components/admin/AttendanceManagement.tsx
6:8  Warning: 'Select' is defined but never used.  
@typescript-eslint/no-unused-vars
9:8  Warning: 'Card' is defined but never used.  
@typescript-eslint/no-unused-vars
11:8  Warning: 'Alert' is defined but never used.  
@typescript-eslint/no-unused-vars
27:3  Warning: 'Upload' is defined but never used.  
@typescript-eslint/no-unused-vars
30:3  Warning: 'AlertCircle' is defined but never used.  
@typescript-eslint/no-unused-vars
103:14  Warning: 'error' is defined but never used.  
@typescript-eslint/no-unused-vars
169:14  Warning: 'error' is defined but never used.  
@typescript-eslint/no-unused-vars
227:32  Warning: 'row' is defined but never used.  
@typescript-eslint/no-unused-vars
244:32  Warning: 'row' is defined but never used.  
@typescript-eslint/no-unused-vars
252:32  Warning: 'row' is defined but never used.  
@typescript-eslint/no-unused-vars
260:32  Warning: 'row' is defined but never used.  
@typescript-eslint/no-unused-vars
272:32  Warning: 'row' is defined but never used.  
@typescript-eslint/no-unused-vars

./components/admin/ClassManagement.tsx
6:8  Warning: 'Select' is defined but never used.  
@typescript-eslint/no-unused-vars
9:8  Warning: 'Card' is defined but never used.  
@typescript-eslint/no-unused-vars
11:8  Warning: 'Alert' is defined but never used.  
@typescript-eslint/no-unused-vars
25:3  Warning: 'Upload' is defined but never used.  
@typescript-eslint/no-unused-vars
26:3  Warning: 'Filter' is defined but never used.  
@typescript-eslint/no-unused-vars
86:14  Warning: 'error' is defined but never used.  
@typescript-eslint/no-unused-vars
141:14  Warning: 'error' is defined but never used.  
@typescript-eslint/no-unused-vars
166:14  Warning: 'error' is defined but never used.  
@typescript-eslint/no-unused-vars

./components/admin/EventManagement.tsx
6:8  Warning: 'Select' is defined but never used.  
@typescript-eslint/no-unused-vars
9:8  Warning: 'Card' is defined but never used.  
@typescript-eslint/no-unused-vars
11:8  Warning: 'Alert' is defined but never used.  
@typescript-eslint/no-unused-vars
23:3  Warning: 'Upload' is defined but never used.  
@typescript-eslint/no-unused-vars
24:3  Warning: 'Filter' is defined but never used.  
@typescript-eslint/no-unused-vars
25:3  Warning: 'MapPin' is defined but never used.  
@typescript-eslint/no-unused-vars
28:12  Warning: 'ImageIcon' is defined but never used.  
@typescript-eslint/no-unused-vars
32:3  Warning: 'Eye' is defined but never used.  
@typescript-eslint/no-unused-vars
138:6  Warning: React Hook useEffect has a missing dependency: 
'fetchEvents'. Either include it or remove the dependency array.  
react-hooks/exhaustive-deps
146:14  Warning: 'error' is defined but never used.  
@typescript-eslint/no-unused-vars
233:14  Warning: 'error' is defined but never used.  
@typescript-eslint/no-unused-vars
289:14  Warning: 'error' is defined but never used.  
@typescript-eslint/no-unused-vars
307:9  Warning: 'getEventTypeColor' is assigned a value but never used.  
@typescript-eslint/no-unused-vars

./components/admin/ExamManagement.tsx
6:8  Warning: 'Select' is defined but never used.  
@typescript-eslint/no-unused-vars
9:8  Warning: 'Card' is defined but never used.  
@typescript-eslint/no-unused-vars
11:8  Warning: 'Alert' is defined but never used.  
@typescript-eslint/no-unused-vars
18:3  Warning: 'Clock' is defined but never used.  
@typescript-eslint/no-unused-vars
23:3  Warning: 'Upload' is defined but never used.  
@typescript-eslint/no-unused-vars
27:3  Warning: 'Eye' is defined but never used.  
@typescript-eslint/no-unused-vars
29:3  Warning: 'School' is defined but never used.  
@typescript-eslint/no-unused-vars
30:3  Warning: 'Trophy' is defined but never used.  
@typescript-eslint/no-unused-vars
31:3  Warning: 'Target' is defined but never used.  
@typescript-eslint/no-unused-vars
131:14  Warning: 'error' is defined but never used.  
@typescript-eslint/no-unused-vars
237:14  Warning: 'error' is defined but never used.  
@typescript-eslint/no-unused-vars
290:14  Warning: 'error' is defined but never used.  
@typescript-eslint/no-unused-vars

./components/admin/FeeManagement.tsx
6:8  Warning: 'Select' is defined but never used.  
@typescript-eslint/no-unused-vars
9:8  Warning: 'Card' is defined but never used.  
@typescript-eslint/no-unused-vars
11:8  Warning: 'Alert' is defined but never used.  
@typescript-eslint/no-unused-vars
21:3  Warning: 'Upload' is defined but never used.  
@typescript-eslint/no-unused-vars
22:3  Warning: 'Filter' is defined but never used.  
@typescript-eslint/no-unused-vars
24:3  Warning: 'Calendar' is defined but never used.  
@typescript-eslint/no-unused-vars
25:3  Warning: 'AlertCircle' is defined but never used.  
@typescript-eslint/no-unused-vars
91:14  Warning: 'error' is defined but never used.  
@typescript-eslint/no-unused-vars
167:14  Warning: 'error' is defined but never used.  
@typescript-eslint/no-unused-vars
194:14  Warning: 'error' is defined but never used.  
@typescript-eslint/no-unused-vars
209:9  Warning: 'getFrequencyBadge' is assigned a value but never used.  
@typescript-eslint/no-unused-vars

./components/admin/GalleryManagement.tsx
9:8  Warning: 'Alert' is defined but never used.  
@typescript-eslint/no-unused-vars
19:3  Warning: 'Upload' is defined but never used.  
@typescript-eslint/no-unused-vars
90:14  Warning: 'err' is defined but never used.  
@typescript-eslint/no-unused-vars
121:14  Warning: 'err' is defined but never used.  
@typescript-eslint/no-unused-vars
138:14  Warning: 'err' is defined but never used.  
@typescript-eslint/no-unused-vars

./components/admin/LogActivityCenter.tsx
4:25  Warning: 'X' is defined but never used.  
@typescript-eslint/no-unused-vars
22:10  Warning: 'showSuggestions' is assigned a value but never used.  
@typescript-eslint/no-unused-vars
22:27  Warning: 'setShowSuggestions' is assigned a value but never used.  
@typescript-eslint/no-unused-vars
23:9  Warning: 'searchRef' is assigned a value but never used.  
@typescript-eslint/no-unused-vars

./components/admin/MealPlanManagement.tsx
6:8  Warning: 'Select' is defined but never used.  
@typescript-eslint/no-unused-vars
9:8  Warning: 'Card' is defined but never used.  
@typescript-eslint/no-unused-vars
11:8  Warning: 'Alert' is defined but never used.  
@typescript-eslint/no-unused-vars
22:3  Warning: 'Upload' is defined but never used.  
@typescript-eslint/no-unused-vars
26:3  Warning: 'AlertCircle' is defined but never used.  
@typescript-eslint/no-unused-vars
30:3  Warning: 'Info' is defined but never used.  
@typescript-eslint/no-unused-vars
31:12  Warning: 'ImageIcon' is defined but never used.  
@typescript-eslint/no-unused-vars
133:6  Warning: React Hook useEffect has a missing dependency: 
'fetchPlans'. Either include it or remove the dependency array.  
react-hooks/exhaustive-deps
142:14  Warning: 'error' is defined but never used.  
@typescript-eslint/no-unused-vars
289:14  Warning: 'error' is defined but never used.  
@typescript-eslint/no-unused-vars
342:14  Warning: 'error' is defined but never used.  
@typescript-eslint/no-unused-vars

./components/admin/NotificationCenter.tsx
7:8  Warning: 'Alert' is defined but never used.  
@typescript-eslint/no-unused-vars
14:3  Warning: 'Filter' is defined but never used.  
@typescript-eslint/no-unused-vars
21:3  Warning: 'X' is defined but never used.  
@typescript-eslint/no-unused-vars
71:6  Warning: React Hook useEffect has a missing dependency: 
'fetchNotifications'. Either include it or remove the dependency array.  
react-hooks/exhaustive-deps
84:14  Warning: 'err' is defined but never used.  
@typescript-eslint/no-unused-vars
123:14  Warning: 'err' is defined but never used.  
@typescript-eslint/no-unused-vars
140:14  Warning: 'err' is defined but never used.  
@typescript-eslint/no-unused-vars
172:14  Warning: 'err' is defined but never used.  
@typescript-eslint/no-unused-vars

./components/admin/SettingsManagement.tsx
3:8  Warning: 'Button' is defined but never used.  
@typescript-eslint/no-unused-vars
4:8  Warning: 'Input' is defined but never used.  
@typescript-eslint/no-unused-vars
5:8  Warning: 'Alert' is defined but never used.  
@typescript-eslint/no-unused-vars
9:3  Warning: 'Settings' is defined but never used.  
@typescript-eslint/no-unused-vars
21:3  Warning: 'Shield' is defined but never used.  
@typescript-eslint/no-unused-vars
22:3  Warning: 'Bell' is defined but never used.  
@typescript-eslint/no-unused-vars
83:10  Warning: 'settings' is assigned a value but never used.  
@typescript-eslint/no-unused-vars
118:14  Warning: 'err' is defined but never used.  
@typescript-eslint/no-unused-vars
140:14  Warning: 'err' is defined but never used.  
@typescript-eslint/no-unused-vars

./components/admin/StudentManagement.tsx
6:8  Warning: 'Select' is defined but never used.  
@typescript-eslint/no-unused-vars
9:8  Warning: 'Card' is defined but never used.  
@typescript-eslint/no-unused-vars
11:8  Warning: 'Alert' is defined but never used.  
@typescript-eslint/no-unused-vars
24:3  Warning: 'Upload' is defined but never used.  
@typescript-eslint/no-unused-vars
251:14  Warning: 'error' is defined but never used.  
@typescript-eslint/no-unused-vars

./components/admin/TeacherManagement.tsx
6:8  Warning: 'Select' is defined but never used.  
@typescript-eslint/no-unused-vars
9:8  Warning: 'Card' is defined but never used.  
@typescript-eslint/no-unused-vars
11:8  Warning: 'Alert' is defined but never used.  
@typescript-eslint/no-unused-vars
24:3  Warning: 'Upload' is defined but never used.  
@typescript-eslint/no-unused-vars
95:14  Warning: 'error' is defined but never used.  
@typescript-eslint/no-unused-vars
215:14  Warning: 'error' is defined but never used.  
@typescript-eslint/no-unused-vars
242:14  Warning: 'error' is defined but never used.  
@typescript-eslint/no-unused-vars

./components/admin/TimetableManagement.tsx
6:8  Warning: 'Select' is defined but never used.  
@typescript-eslint/no-unused-vars
9:8  Warning: 'Card' is defined but never used.  
@typescript-eslint/no-unused-vars
11:8  Warning: 'Alert' is defined but never used.  
@typescript-eslint/no-unused-vars
22:3  Warning: 'Upload' is defined but never used.  
@typescript-eslint/no-unused-vars
23:3  Warning: 'Filter' is defined but never used.  
@typescript-eslint/no-unused-vars
24:3  Warning: 'School' is defined but never used.  
@typescript-eslint/no-unused-vars
27:3  Warning: 'Search' is defined but never used.  
@typescript-eslint/no-unused-vars
90:6  Warning: React Hook useEffect has a missing dependency: 
'fetchClasses'. Either include it or remove the dependency array.  
react-hooks/exhaustive-deps
176:14  Warning: 'error' is defined but never used.  
@typescript-eslint/no-unused-vars
204:14  Warning: 'error' is defined but never used.  
@typescript-eslint/no-unused-vars

./components/admin/TimetableView.tsx
56:6  Warning: React Hook useEffect has a missing dependency: 'fetchData'. 
Either include it or remove the dependency array.  
react-hooks/exhaustive-deps

./components/admin/TransportManagement.tsx
6:8  Warning: 'Select' is defined but never used.  
@typescript-eslint/no-unused-vars
9:8  Warning: 'Card' is defined but never used.  
@typescript-eslint/no-unused-vars
11:8  Warning: 'Alert' is defined but never used.  
@typescript-eslint/no-unused-vars
18:3  Warning: 'Clock' is defined but never used.  
@typescript-eslint/no-unused-vars
23:3  Warning: 'Upload' is defined but never used.  
@typescript-eslint/no-unused-vars
24:3  Warning: 'Filter' is defined but never used.  
@typescript-eslint/no-unused-vars
29:3  Warning: 'AlertCircle' is defined but never used.  
@typescript-eslint/no-unused-vars
135:6  Warning: React Hook useEffect has a missing dependency: 
'fetchRoutes'. Either include it or remove the dependency array.  
react-hooks/exhaustive-deps
143:14  Warning: 'error' is defined but never used.  
@typescript-eslint/no-unused-vars
251:14  Warning: 'error' is defined but never used.  
@typescript-eslint/no-unused-vars
303:14  Warning: 'error' is defined but never used.  
@typescript-eslint/no-unused-vars
331:27  Warning: 'type' is defined but never used.  
@typescript-eslint/no-unused-vars

./components/common/Navbar.tsx
34:9  Warning: 'isAdminDashboard' is assigned a value but never used.  
@typescript-eslint/no-unused-vars

./components/common/Protected.tsx
27:6  Warning: React Hook useEffect has missing dependencies: 'module' and 
'router'. Either include them or remove the dependency array.  
react-hooks/exhaustive-deps

./components/common/Sidebar.tsx
15:3  Warning: 'Bell' is defined but never used.  
@typescript-eslint/no-unused-vars
29:11  Warning: 'User' is defined but never used.  
@typescript-eslint/no-unused-vars

./components/fees/FeeCollectionForm.tsx
20:12  Error: Error: Calling setState synchronously within an effect can 
trigger cascading renders

Effects are intended to synchronize state between React and external 
systems such as manually updating the DOM, state management libraries, or 
other platform APIs. In general, the body of an effect should do one or 
both of the following:
* Update external systems with the latest state from React.
* Subscribe for updates from some external system, calling setState in a 
callback function when external state changes.

Calling setState synchronously within an effect body causes cascading 
renders that can hurt performance, and is not recommended. 
(https://react.dev/learn/you-might-not-need-an-effect).

C:\Users\Harshal\OneDrive\Documents\SyntureTech\xpertance-pre-primary-produc
t-main\xpertance-pre-primary-product-main\components\fees\FeeCollectionForm.
tsx:20:12
  18 |   useEffect(()=> {
  19 |     const s = structures.find(s=>s._id===structureId);
> 20 |     if (s) setItems(s.heads || []);
     |            ^^^^^^^^ Avoid calling setState() directly within an 
effect
  21 |   }, [structureId, structures]);
  22 |
  23 |   async function collect(partial=false) {  
react-hooks/set-state-in-effect

./components/fees/FeeForm.tsx
60:14  Warning: 'error' is defined but never used.  
@typescript-eslint/no-unused-vars

./components/fees/FeeStructureForm.tsx
60:14  Warning: 'error' is defined but never used.  
@typescript-eslint/no-unused-vars

./lib/auth.ts
19:12  Warning: 'err' is defined but never used.  
@typescript-eslint/no-unused-vars

./lib/logAdminActivity.ts
29:16  Warning: 'err' is defined but never used.  
@typescript-eslint/no-unused-vars

info  - Need to disable some ESLint rules? Learn more here: 
https://nextjs.org/docs/app/api-reference/config/eslint#disabling-rules
